[1m[7m%[27m[1m[0m                                                                                                                        [0m[27m[24m[Jrishabhsingh@Mac cli % [K[?2004hnnpm run build && npm publish[?2004l

> mailroom@0.1.1 build
> tsc


> mailroom@0.1.1 prepublishOnly
> npm run build


> mailroom@0.1.1 build
> tsc

npm warn publish npm auto-corrected some errors in your package.json when publishing.  Please run "npm pkg fix" to address these errors.
npm warn publish errors corrected:
npm warn publish "bin[mailroom]" script name dist/index.js was invalid and removed
npm notice
npm notice 📦  mailroom@0.1.1
npm notice Tarball Contents
npm notice 800B dist/api.d.ts
npm notice 2.5kB dist/api.js
npm notice 359B dist/config.d.ts
npm notice 1.0kB dist/config.js
npm notice 31B dist/index.d.ts
npm notice 10.5kB dist/index.js
npm notice 629B package.json
npm notice Tarball Details
npm notice name: mailroom
npm notice version: 0.1.1
npm notice filename: mailroom-0.1.1.tgz
npm notice package size: 3.7 kB
npm notice unpacked size: 15.9 kB
npm notice shasum: b1bf6adfe1215deb392a19297c79c47d82e74b86
npm notice integrity: sha512-drnOakktvT7xe[...]GSbIeFDDPeQEg==
npm notice total files: 7
npm notice
npm notice Publishing to https://registry.npmjs.org/ with tag latest and default access
npm error code E403
npm error 403 403 Forbidden - PUT https://registry.npmjs.org/mailroom - You do not have permission to publish "mailroom". Are you logged in as the correct user?
npm error 403 In most cases, you or one of your dependencies are requesting
npm error 403 a package version that is forbidden by your security policy, or
npm error 403 on a server you do not have access to.
npm error A complete log of this run can be found in: /Users/rishabhsingh/.npm/_logs/2026-02-20T06_30_03_271Z-debug-0.log
[1m[7m%[27m[1m[0m                                                                                                                        [0m[27m[24m[Jrishabhsingh@Mac cli % [K[?2004h